{"StringProp":"One","ObjectProp":{"StringProp":"Three"},"ObjectCollection":[{"StringProp":"Three"},{"StringProp":"Three"},{"StringProp":"Three"}],"ObjectCollection2":[{"StringProp":"Three"},{"StringProp":"Three"},{"StringProp":"Three"},{"StringProp":"Three"}],"DictionaryProp":{"A":{"StringProp":"Three"},"B":{"StringProp":"Three"},"C":{"StringProp":"Three"},"D":{"StringProp":"Three"}}}