{"PropertyNine":"TestClass.PropertyNine","PropertyTen":{"PropertyOne":"TestClass2.PropertyOne"},"PropertyEleven":{"PropertyOne":"TestClass2.PropertyOne"},"PropertyTwelve":null,"PropertyThirteen":[null,null,null,null,null],"PropertyFourteen":null,"PropertyFifteen":[{"PropertyOne":"TestClass2.PropertyOne"},{"PropertyOne":"TestClass2.PropertyOne"},{"PropertyOne":"TestClass2.PropertyOne"},{"PropertyOne":"TestClass2.PropertyOne"},{"PropertyOne":"TestClass2.PropertyOne"}],"PropertySixteen":[{"PropertyOne":"TestClass2.PropertyOne"},{"PropertyOne":"TestClass2.PropertyOne"},{"PropertyOne":"TestClass2.PropertyOne"},{"PropertyOne":"TestClass2.PropertyOne"},{"PropertyOne":"TestClass2.PropertyOne"}],"PropertySeventeen":{"A":{"PropertyOne":"TestClass2.PropertyOne"},"B":{"PropertyOne":"TestClass2.PropertyOne"},"C":{"PropertyOne":"TestClass2.PropertyOne"},"D":{"PropertyOne":"TestClass2.PropertyOne"},"E":{"PropertyOne":"TestClass2.PropertyOne"}}} 